// Jest Snapshot v1, https://goo.gl/fbAQLP

exports[`<Tabs /> render Tabs with dumi 1`] = `
<div
  className="kmTab"
>
  <div
    className="km-tab-nav"
  >
    <div
      className="km-tab-nav-list"
    />
  </div>
</div>
`;
